{"Protocol":0,"Id":"75623fbcfd3cd3e5408ae927e90b1aef","Path":"/media/Filmes/Aposta de Alto Risco 2026/Aposta de Alto Risco 2026.mkv","EncoderPath":null,"EncoderProtocol":null,"Type":0,"Container":"mkv","Size":2691213280,"Name":"Aposta de Alto Risco 2026","IsRemote":false,"ETag":"8891c60964030a12e80e17cf01773a04","RunTimeTicks":63742720000,"ReadAtNativeFramerate":false,"IgnoreDts":false,"IgnoreIndex":false,"GenPtsInput":false,"SupportsTranscoding":true,"SupportsDirectStream":true,"SupportsDirectPlay":true,"IsInfiniteStream":false,"UseMostCompatibleTranscodingProfile":false,"RequiresOpening":false,"OpenToken":null,"RequiresClosing":false,"LiveStreamId":null,"BufferMs":null,"RequiresLooping":false,"SupportsProbing":true,"VideoType":0,"IsoType":null,"Video3DFormat":null,"MediaStreams":[{"Codec":"h264","CodecTag":null,"Language":null,"ColorRange":null,"ColorSpace":"bt709","ColorTransfer":"bt709","ColorPrimaries":"bt709","DvVersionMajor":null,"DvVersionMinor":null,"DvProfile":null,"DvLevel":null,"RpuPresentFlag":null,"ElPresentFlag":null,"BlPresentFlag":null,"DvBlSignalCompatibilityId":null,"Rotation":null,"Comment":null,"TimeBase":"1/1000","CodecTimeBase":null,"Title":null,"Hdr10PlusPresentFlag":null,"VideoRange":1,"VideoRangeType":1,"VideoDoViTitle":null,"AudioSpatialFormat":0,"LocalizedUndefined":null,"LocalizedDefault":null,"LocalizedForced":null,"LocalizedExternal":null,"LocalizedHearingImpaired":null,"LocalizedLanguage":null,"LocalizedOriginal":null,"DisplayTitle":"1080p H264 SDR","NalLengthSize":"4","IsInterlaced":false,"IsAVC":true,"ChannelLayout":null,"BitRate":2575327,"BitDepth":8,"RefFrames":1,"PacketLength":null,"Channels":null,"SampleRate":null,"IsDefault":true,"IsForced":false,"IsHearingImpaired":false,"IsOriginal":false,"Height":804,"Width":1920,"AverageFrameRate":23.976025,"RealFrameRate":23.976025,"ReferenceFrameRate":23.976025,"Profile":"Main","Type":1,"AspectRatio":"2.40:1","Index":0,"Score":null,"IsExternal":false,"DeliveryMethod":null,"DeliveryUrl":null,"IsExternalUrl":null,"IsTextSubtitleStream":false,"SupportsExternalStream":false,"Path":null,"PixelFormat":"yuv420p","Level":40,"IsAnamorphic":false},{"Codec":"eac3","CodecTag":null,"Language":"por","ColorRange":null,"ColorSpace":null,"ColorTransfer":null,"ColorPrimaries":null,"DvVersionMajor":null,"DvVersionMinor":null,"DvProfile":null,"DvLevel":null,"RpuPresentFlag":null,"ElPresentFlag":null,"BlPresentFlag":null,"DvBlSignalCompatibilityId":null,"Rotation":null,"Comment":null,"TimeBase":"1/1000","CodecTimeBase":null,"Title":null,"Hdr10PlusPresentFlag":null,"VideoRange":0,"VideoRangeType":0,"VideoDoViTitle":null,"AudioSpatialFormat":0,"LocalizedUndefined":null,"LocalizedDefault":"Padr\u00E3o","LocalizedForced":null,"LocalizedExternal":"Externo","LocalizedHearingImpaired":null,"LocalizedLanguage":"Portuguese","LocalizedOriginal":"Original","DisplayTitle":"Portuguese - Dolby Digital\u002B - 5.1 - Padr\u00E3o","NalLengthSize":null,"IsInterlaced":false,"IsAVC":null,"ChannelLayout":"5.1","BitRate":640000,"BitDepth":null,"RefFrames":null,"PacketLength":null,"Channels":6,"SampleRate":48000,"IsDefault":true,"IsForced":false,"IsHearingImpaired":false,"IsOriginal":false,"Height":null,"Width":null,"AverageFrameRate":null,"RealFrameRate":null,"ReferenceFrameRate":null,"Profile":null,"Type":0,"AspectRatio":null,"Index":1,"Score":null,"IsExternal":false,"DeliveryMethod":null,"DeliveryUrl":null,"IsExternalUrl":null,"IsTextSubtitleStream":false,"SupportsExternalStream":false,"Path":null,"PixelFormat":null,"Level":null,"IsAnamorphic":null},{"Codec":"aac","CodecTag":null,"Language":"eng","ColorRange":null,"ColorSpace":null,"ColorTransfer":null,"ColorPrimaries":null,"DvVersionMajor":null,"DvVersionMinor":null,"DvProfile":null,"DvLevel":null,"RpuPresentFlag":null,"ElPresentFlag":null,"BlPresentFlag":null,"DvBlSignalCompatibilityId":null,"Rotation":null,"Comment":null,"TimeBase":"1/1000","CodecTimeBase":null,"Title":null,"Hdr10PlusPresentFlag":null,"VideoRange":0,"VideoRangeType":0,"VideoDoViTitle":null,"AudioSpatialFormat":0,"LocalizedUndefined":null,"LocalizedDefault":"Padr\u00E3o","LocalizedForced":null,"LocalizedExternal":"Externo","LocalizedHearingImpaired":null,"LocalizedLanguage":"English","LocalizedOriginal":"Original","DisplayTitle":"English - AAC - Stereo","NalLengthSize":null,"IsInterlaced":false,"IsAVC":null,"ChannelLayout":"stereo","BitRate":159558,"BitDepth":null,"RefFrames":null,"PacketLength":null,"Channels":2,"SampleRate":48000,"IsDefault":false,"IsForced":false,"IsHearingImpaired":false,"IsOriginal":false,"Height":null,"Width":null,"AverageFrameRate":null,"RealFrameRate":null,"ReferenceFrameRate":null,"Profile":"LC","Type":0,"AspectRatio":null,"Index":2,"Score":null,"IsExternal":false,"DeliveryMethod":null,"DeliveryUrl":null,"IsExternalUrl":null,"IsTextSubtitleStream":false,"SupportsExternalStream":false,"Path":null,"PixelFormat":null,"Level":null,"IsAnamorphic":null},{"Codec":"subrip","CodecTag":null,"Language":"por","ColorRange":null,"ColorSpace":null,"ColorTransfer":null,"ColorPrimaries":null,"DvVersionMajor":null,"DvVersionMinor":null,"DvProfile":null,"DvLevel":null,"RpuPresentFlag":null,"ElPresentFlag":null,"BlPresentFlag":null,"DvBlSignalCompatibilityId":null,"Rotation":null,"Comment":null,"TimeBase":"1/1000","CodecTimeBase":null,"Title":"FOR\u00C7ADA","Hdr10PlusPresentFlag":null,"VideoRange":0,"VideoRangeType":0,"VideoDoViTitle":null,"AudioSpatialFormat":0,"LocalizedUndefined":"Indefinido","LocalizedDefault":"Padr\u00E3o","LocalizedForced":"For\u00E7ado","LocalizedExternal":"Externo","LocalizedHearingImpaired":"Defici\u00EAncia Auditiva","LocalizedLanguage":"Portuguese","LocalizedOriginal":null,"DisplayTitle":"FOR\u00C7ADA - Portuguese - Padr\u00E3o - SUBRIP","NalLengthSize":null,"IsInterlaced":false,"IsAVC":null,"ChannelLayout":null,"BitRate":null,"BitDepth":null,"RefFrames":null,"PacketLength":null,"Channels":null,"SampleRate":null,"IsDefault":true,"IsForced":false,"IsHearingImpaired":false,"IsOriginal":false,"Height":null,"Width":null,"AverageFrameRate":null,"RealFrameRate":null,"ReferenceFrameRate":null,"Profile":null,"Type":2,"AspectRatio":null,"Index":3,"Score":null,"IsExternal":false,"DeliveryMethod":null,"DeliveryUrl":null,"IsExternalUrl":null,"IsTextSubtitleStream":true,"SupportsExternalStream":true,"Path":null,"PixelFormat":null,"Level":null,"IsAnamorphic":null},{"Codec":"subrip","CodecTag":null,"Language":"por","ColorRange":null,"ColorSpace":null,"ColorTransfer":null,"ColorPrimaries":null,"DvVersionMajor":null,"DvVersionMinor":null,"DvProfile":null,"DvLevel":null,"RpuPresentFlag":null,"ElPresentFlag":null,"BlPresentFlag":null,"DvBlSignalCompatibilityId":null,"Rotation":null,"Comment":null,"TimeBase":"1/1000","CodecTimeBase":null,"Title":null,"Hdr10PlusPresentFlag":null,"VideoRange":0,"VideoRangeType":0,"VideoDoViTitle":null,"AudioSpatialFormat":0,"LocalizedUndefined":"Indefinido","LocalizedDefault":"Padr\u00E3o","LocalizedForced":"For\u00E7ado","LocalizedExternal":"Externo","LocalizedHearingImpaired":"Defici\u00EAncia Auditiva","LocalizedLanguage":"Portuguese","LocalizedOriginal":null,"DisplayTitle":"Portuguese - SUBRIP","NalLengthSize":null,"IsInterlaced":false,"IsAVC":null,"ChannelLayout":null,"BitRate":null,"BitDepth":null,"RefFrames":null,"PacketLength":null,"Channels":null,"SampleRate":null,"IsDefault":false,"IsForced":false,"IsHearingImpaired":false,"IsOriginal":false,"Height":null,"Width":null,"AverageFrameRate":null,"RealFrameRate":null,"ReferenceFrameRate":null,"Profile":null,"Type":2,"AspectRatio":null,"Index":4,"Score":null,"IsExternal":false,"DeliveryMethod":null,"DeliveryUrl":null,"IsExternalUrl":null,"IsTextSubtitleStream":true,"SupportsExternalStream":true,"Path":null,"PixelFormat":null,"Level":null,"IsAnamorphic":null}],"MediaAttachments":[],"Formats":[],"Bitrate":3377594,"FallbackMaxStreamingBitrate":null,"Timestamp":null,"RequiredHttpHeaders":{},"TranscodingUrl":null,"TranscodingSubProtocol":0,"TranscodingContainer":null,"AnalyzeDurationMs":null,"DefaultAudioStreamIndex":null,"DefaultSubtitleStreamIndex":null,"HasSegments":false}

/usr/lib/jellyfin-ffmpeg/ffmpeg -analyzeduration 200M -probesize 1G -fflags +genpts  -i file:"/media/Filmes/Aposta de Alto Risco 2026/Aposta de Alto Risco 2026.mkv" -map_metadata -1 -map_chapters -1 -threads 0 -map 0:0 -map 0:1 -map -0:s -codec:v:0 copy -bsf:v h264_mp4toannexb -start_at_zero -codec:a:0 libfdk_aac -ac 2 -ab 256000 -af "volume=2" -copyts -avoid_negative_ts disabled -max_muxing_queue_size 2048 -f hls -max_delay 5000000 -hls_time 6 -hls_segment_type fmp4 -hls_fmp4_init_filename "0b0c910f0107c4d2c62c82f348511c73-1.mp4" -start_number 0 -hls_segment_filename "/cache/transcodes/0b0c910f0107c4d2c62c82f348511c73%d.mp4" -hls_playlist_type vod -hls_list_size 0 -hls_segment_options movflags=+frag_discont+skip_sidx -y "/cache/transcodes/0b0c910f0107c4d2c62c82f348511c73.m3u8"


ffmpeg version 8.1.2-Jellyfin Copyright (c) 2000-2026 the FFmpeg developers
  built with gcc 14 (Debian 14.2.0-19)
  configuration: --prefix=/usr/lib/jellyfin-ffmpeg --target-os=linux --extra-version=Jellyfin --disable-unstable --disable-doc --disable-ffplay --disable-static --disable-libxcb --disable-libxcb-shm --disable-libxcb-xfixes --disable-libxcb-shape --disable-xlib --disable-sdl2 --enable-lto=auto --enable-gpl --enable-version3 --enable-shared --enable-gmp --enable-gnutls --enable-chromaprint --enable-opencl --enable-libdrm --enable-libxml2 --enable-libass --enable-libfreetype --enable-libfribidi --enable-libfontconfig --enable-libharfbuzz --enable-libbluray --enable-libmp3lame --enable-libopus --enable-libtheora --enable-libvorbis --enable-libopenmpt --enable-libdav1d --enable-libsvtav1 --enable-libwebp --enable-libvpx --enable-libx264 --enable-libx265 --enable-libzvbi --enable-libzimg --enable-libfdk-aac --enable-libshaderc --enable-libplacebo --enable-vulkan --enable-vulkan-static --enable-vaapi --enable-ffnvcodec --enable-cuda --enable-cuda-llvm --enable-cuvid --enable-nvdec --enable-nvenc --arch=amd64 --enable-libvpl --enable-amf
  libavutil      60. 26.102 / 60. 26.102
  libavcodec     62. 28.102 / 62. 28.102
  libavformat    62. 12.102 / 62. 12.102
  libavdevice    62.  3.102 / 62.  3.102
  libavfilter    11. 14.102 / 11. 14.102
  libswscale      9.  5.102 /  9.  5.102
  libswresample   6.  3.102 /  6.  3.102
Input #0, matroska,webm, from 'file:/media/Filmes/Aposta de Alto Risco 2026/Aposta de Alto Risco 2026.mkv':
  Metadata:
    title           : BaixandoFilmesHD.net
    encoder         : libebml v1.4.1 + libmatroska v1.6.2
    creation_time   : 2026-09-14T10:16:19.000000Z
  Duration: 01:46:14.27, start: 0.000000, bitrate: 3377 kb/s
  Stream #0:0: Video: h264 (Main), yuv420p(tv, bt709, progressive), 1920x804 [SAR 1:1 DAR 160:67], 23.98 fps, 23.98 tbr, 1k tbn (default)
    Metadata:
      BPS-eng         : 2575327
      DURATION-eng    : 01:46:14.243000000
      NUMBER_OF_FRAMES-eng: 152829
      NUMBER_OF_BYTES-eng: 2051970246
      _STATISTICS_WRITING_APP-eng: mkvmerge v53.0.0 ('Fool's Gold') 64-bit
      _STATISTICS_WRITING_DATE_UTC-eng: 2026-09-14 10:16:19
      _STATISTICS_TAGS-eng: BPS DURATION NUMBER_OF_FRAMES NUMBER_OF_BYTES
  Stream #0:1(por): Audio: eac3, 48000 Hz, 5.1(side), fltp, 640 kb/s (default)
    Metadata:
      BPS-eng         : 640000
      DURATION-eng    : 01:46:14.272000000
      NUMBER_OF_FRAMES-eng: 199196
      NUMBER_OF_BYTES-eng: 509941760
      _STATISTICS_WRITING_APP-eng: mkvmerge v53.0.0 ('Fool's Gold') 64-bit
      _STATISTICS_WRITING_DATE_UTC-eng: 2026-09-14 10:16:19
      _STATISTICS_TAGS-eng: BPS DURATION NUMBER_OF_FRAMES NUMBER_OF_BYTES
  Stream #0:2(eng): Audio: aac (LC), 48000 Hz, stereo, fltp
    Metadata:
      BPS-eng         : 159558
      DURATION-eng    : 01:46:14.272000000
      NUMBER_OF_FRAMES-eng: 298794
      NUMBER_OF_BYTES-eng: 127133656
      _STATISTICS_WRITING_APP-eng: mkvmerge v53.0.0 ('Fool's Gold') 64-bit
      _STATISTICS_WRITING_DATE_UTC-eng: 2026-09-14 10:16:19
      _STATISTICS_TAGS-eng: BPS DURATION NUMBER_OF_FRAMES NUMBER_OF_BYTES
  Stream #0:3(por): Subtitle: subrip (srt) (default)
    Metadata:
      title           : FORÇADA
      BPS-eng         : 0
      DURATION-eng    : 01:45:20.355000000
      NUMBER_OF_FRAMES-eng: 20
      NUMBER_OF_BYTES-eng: 513
      _STATISTICS_WRITING_APP-eng: mkvmerge v53.0.0 ('Fool's Gold') 64-bit
      _STATISTICS_WRITING_DATE_UTC-eng: 2026-09-14 10:16:19
      _STATISTICS_TAGS-eng: BPS DURATION NUMBER_OF_FRAMES NUMBER_OF_BYTES
  Stream #0:4(por): Subtitle: subrip (srt)
    Metadata:
      BPS-eng         : 54
      DURATION-eng    : 01:45:20.355000000
      NUMBER_OF_FRAMES-eng: 1386
      NUMBER_OF_BYTES-eng: 43440
      _STATISTICS_WRITING_APP-eng: mkvmerge v53.0.0 ('Fool's Gold') 64-bit
      _STATISTICS_WRITING_DATE_UTC-eng: 2026-09-14 10:16:19
      _STATISTICS_TAGS-eng: BPS DURATION NUMBER_OF_FRAMES NUMBER_OF_BYTES
Stream mapping:
  Stream #0:0 -> #0:0 (copy)
  Stream #0:1 -> #0:1 (eac3 (native) -> aac (libfdk_aac))
Press [q] to stop, [?] for help
[hls @ 0x70aac52bd600] Opening '/cache/transcodes/0b0c910f0107c4d2c62c82f348511c73-1.mp4' for writing
Output #0, hls, to '/cache/transcodes/0b0c910f0107c4d2c62c82f348511c73.m3u8':
  Metadata:
    encoder         : Lavf62.12.102
  Stream #0:0: Video: h264 (Main), yuv420p(tv, bt709, progressive), 1920x804 [SAR 1:1 DAR 160:67], q=2-31, 23.98 fps, 23.98 tbr, 16k tbn (default)
  Stream #0:1: Audio: aac, 48000 Hz, stereo, s16, 256 kb/s (default)
    Metadata:
      encoder         : Lavc62.28.102 libfdk_aac
    Side data:
      CPB properties: bitrate max/min/avg: 256000/256000/256000 buffer size: 0 vbv_delay: N/A
frame=  139 fps=0.0 q=-1.0 size=N/A time=00:00:00.00 bitrate=N/A speed=   0x elapsed=0:00:00.50    
[hls @ 0x70aac52bd600] Opening '/cache/transcodes/0b0c910f0107c4d2c62c82f348511c730.mp4' for writing
frame=  330 fps=330 q=-1.0 size=N/A time=00:00:07.76 bitrate=N/A speed=7.76x elapsed=0:00:01.00    
[hls @ 0x70aac52bd600] Opening '/cache/transcodes/0b0c910f0107c4d2c62c82f348511c731.mp4' for writing
[hls @ 0x70aac52bd600] Opening '/cache/transcodes/0b0c910f0107c4d2c62c82f348511c732.mp4' for writing
frame=  496 fps=330 q=-1.0 size=N/A time=00:00:14.86 bitrate=N/A speed=9.91x elapsed=0:00:01.50    
frame=  669 fps=334 q=-1.0 size=N/A time=00:00:22.08 bitrate=N/A speed=  11x elapsed=0:00:02.00    
[hls @ 0x70aac52bd600] Opening '/cache/transcodes/0b0c910f0107c4d2c62c82f348511c733.mp4' for writing
[hls @ 0x70aac52bd600] Opening '/cache/transcodes/0b0c910f0107c4d2c62c82f348511c734.mp4' for writing
frame=  847 fps=339 q=-1.0 size=N/A time=00:00:29.46 bitrate=N/A speed=11.8x elapsed=0:00:02.50    
[hls @ 0x70aac52bd600] Opening '/cache/transcodes/0b0c910f0107c4d2c62c82f348511c735.mp4' for writing
frame= 1028 fps=342 q=-1.0 size=N/A time=00:00:37.01 bitrate=N/A speed=12.3x elapsed=0:00:03.00    
[hls @ 0x70aac52bd600] Opening '/cache/transcodes/0b0c910f0107c4d2c62c82f348511c736.mp4' for writing
frame= 1185 fps=338 q=-1.0 size=N/A time=00:00:43.85 bitrate=N/A speed=12.5x elapsed=0:00:03.50    
[hls @ 0x70aac52bd600] Opening '/cache/transcodes/0b0c910f0107c4d2c62c82f348511c737.mp4' for writing
[hls @ 0x70aac52bd600] Opening '/cache/transcodes/0b0c910f0107c4d2c62c82f348511c738.mp4' for writing
frame= 1355 fps=339 q=-1.0 size=N/A time=00:00:50.94 bitrate=N/A speed=12.7x elapsed=0:00:04.00    
[hls @ 0x70aac52bd600] Opening '/cache/transcodes/0b0c910f0107c4d2c62c82f348511c739.mp4' for writing
frame= 1529 fps=340 q=-1.0 size=N/A time=00:00:57.89 bitrate=N/A speed=12.9x elapsed=0:00:04.50    
[hls @ 0x70aac52bd600] Opening '/cache/transcodes/0b0c910f0107c4d2c62c82f348511c7310.mp4' for writing
frame= 1705 fps=341 q=-1.0 size=N/A time=00:01:05.23 bitrate=N/A speed=  13x elapsed=0:00:05.00    
[hls @ 0x70aac52bd600] Opening '/cache/transcodes/0b0c910f0107c4d2c62c82f348511c7311.mp4' for writing
frame= 1858 fps=338 q=-1.0 size=N/A time=00:01:11.78 bitrate=N/A speed=  13x elapsed=0:00:05.50    
[hls @ 0x70aac52bd600] Opening '/cache/transcodes/0b0c910f0107c4d2c62c82f348511c7312.mp4' for writing


[q] command received. Exiting.

[hls @ 0x70aac52bd600] Opening '/cache/transcodes/0b0c910f0107c4d2c62c82f348511c7313.mp4' for writing
[out#0/hls @ 0x70aac5277400] video:32018KiB audio:2640KiB subtitle:0KiB other streams:0KiB global headers:0KiB muxing overhead: unknown
frame= 2018 fps=334 q=-1.0 Lsize=N/A time=00:01:18.60 bitrate=N/A speed=  13x elapsed=0:00:06.03    