{"Protocol":0,"Id":"75623fbcfd3cd3e5408ae927e90b1aef","Path":"/media/Filmes/Aposta de Alto Risco 2026/Aposta de Alto Risco 2026.mkv","EncoderPath":null,"EncoderProtocol":null,"Type":0,"Container":"mkv","Size":2691213280,"Name":"Aposta de Alto Risco 2026","IsRemote":false,"ETag":"8891c60964030a12e80e17cf01773a04","RunTimeTicks":63742720000,"ReadAtNativeFramerate":false,"IgnoreDts":false,"IgnoreIndex":false,"GenPtsInput":false,"SupportsTranscoding":true,"SupportsDirectStream":true,"SupportsDirectPlay":true,"IsInfiniteStream":false,"UseMostCompatibleTranscodingProfile":false,"RequiresOpening":false,"OpenToken":null,"RequiresClosing":false,"LiveStreamId":null,"BufferMs":null,"RequiresLooping":false,"SupportsProbing":true,"VideoType":0,"IsoType":null,"Video3DFormat":null,"MediaStreams":[{"Codec":"h264","CodecTag":null,"Language":null,"ColorRange":null,"ColorSpace":"bt709","ColorTransfer":"bt709","ColorPrimaries":"bt709","DvVersionMajor":null,"DvVersionMinor":null,"DvProfile":null,"DvLevel":null,"RpuPresentFlag":null,"ElPresentFlag":null,"BlPresentFlag":null,"DvBlSignalCompatibilityId":null,"Rotation":null,"Comment":null,"TimeBase":"1/1000","CodecTimeBase":null,"Title":null,"Hdr10PlusPresentFlag":null,"VideoRange":1,"VideoRangeType":1,"VideoDoViTitle":null,"AudioSpatialFormat":0,"LocalizedUndefined":null,"LocalizedDefault":null,"LocalizedForced":null,"LocalizedExternal":null,"LocalizedHearingImpaired":null,"LocalizedLanguage":null,"LocalizedOriginal":null,"DisplayTitle":"1080p H264 SDR","NalLengthSize":"4","IsInterlaced":false,"IsAVC":true,"ChannelLayout":null,"BitRate":2575327,"BitDepth":8,"RefFrames":1,"PacketLength":null,"Channels":null,"SampleRate":null,"IsDefault":true,"IsForced":false,"IsHearingImpaired":false,"IsOriginal":false,"Height":804,"Width":1920,"AverageFrameRate":23.976025,"RealFrameRate":23.976025,"ReferenceFrameRate":23.976025,"Profile":"Main","Type":1,"AspectRatio":"2.40:1","Index":0,"Score":null,"IsExternal":false,"DeliveryMethod":null,"DeliveryUrl":null,"IsExternalUrl":null,"IsTextSubtitleStream":false,"SupportsExternalStream":false,"Path":null,"PixelFormat":"yuv420p","Level":40,"IsAnamorphic":false},{"Codec":"eac3","CodecTag":null,"Language":"por","ColorRange":null,"ColorSpace":null,"ColorTransfer":null,"ColorPrimaries":null,"DvVersionMajor":null,"DvVersionMinor":null,"DvProfile":null,"DvLevel":null,"RpuPresentFlag":null,"ElPresentFlag":null,"BlPresentFlag":null,"DvBlSignalCompatibilityId":null,"Rotation":null,"Comment":null,"TimeBase":"1/1000","CodecTimeBase":null,"Title":null,"Hdr10PlusPresentFlag":null,"VideoRange":0,"VideoRangeType":0,"VideoDoViTitle":null,"AudioSpatialFormat":0,"LocalizedUndefined":null,"LocalizedDefault":"Padr\u00E3o","LocalizedForced":null,"LocalizedExternal":"Externo","LocalizedHearingImpaired":null,"LocalizedLanguage":"Portuguese","LocalizedOriginal":"Original","DisplayTitle":"Portuguese - Dolby Digital\u002B - 5.1 - Padr\u00E3o","NalLengthSize":null,"IsInterlaced":false,"IsAVC":null,"ChannelLayout":"5.1","BitRate":640000,"BitDepth":null,"RefFrames":null,"PacketLength":null,"Channels":6,"SampleRate":48000,"IsDefault":true,"IsForced":false,"IsHearingImpaired":false,"IsOriginal":false,"Height":null,"Width":null,"AverageFrameRate":null,"RealFrameRate":null,"ReferenceFrameRate":null,"Profile":null,"Type":0,"AspectRatio":null,"Index":1,"Score":null,"IsExternal":false,"DeliveryMethod":null,"DeliveryUrl":null,"IsExternalUrl":null,"IsTextSubtitleStream":false,"SupportsExternalStream":false,"Path":null,"PixelFormat":null,"Level":null,"IsAnamorphic":null},{"Codec":"aac","CodecTag":null,"Language":"eng","ColorRange":null,"ColorSpace":null,"ColorTransfer":null,"ColorPrimaries":null,"DvVersionMajor":null,"DvVersionMinor":null,"DvProfile":null,"DvLevel":null,"RpuPresentFlag":null,"ElPresentFlag":null,"BlPresentFlag":null,"DvBlSignalCompatibilityId":null,"Rotation":null,"Comment":null,"TimeBase":"1/1000","CodecTimeBase":null,"Title":null,"Hdr10PlusPresentFlag":null,"VideoRange":0,"VideoRangeType":0,"VideoDoViTitle":null,"AudioSpatialFormat":0,"LocalizedUndefined":null,"LocalizedDefault":"Padr\u00E3o","LocalizedForced":null,"LocalizedExternal":"Externo","LocalizedHearingImpaired":null,"LocalizedLanguage":"English","LocalizedOriginal":"Original","DisplayTitle":"English - AAC - Stereo","NalLengthSize":null,"IsInterlaced":false,"IsAVC":null,"ChannelLayout":"stereo","BitRate":159558,"BitDepth":null,"RefFrames":null,"PacketLength":null,"Channels":2,"SampleRate":48000,"IsDefault":false,"IsForced":false,"IsHearingImpaired":false,"IsOriginal":false,"Height":null,"Width":null,"AverageFrameRate":null,"RealFrameRate":null,"ReferenceFrameRate":null,"Profile":"LC","Type":0,"AspectRatio":null,"Index":2,"Score":null,"IsExternal":false,"DeliveryMethod":null,"DeliveryUrl":null,"IsExternalUrl":null,"IsTextSubtitleStream":false,"SupportsExternalStream":false,"Path":null,"PixelFormat":null,"Level":null,"IsAnamorphic":null},{"Codec":"subrip","CodecTag":null,"Language":"por","ColorRange":null,"ColorSpace":null,"ColorTransfer":null,"ColorPrimaries":null,"DvVersionMajor":null,"DvVersionMinor":null,"DvProfile":null,"DvLevel":null,"RpuPresentFlag":null,"ElPresentFlag":null,"BlPresentFlag":null,"DvBlSignalCompatibilityId":null,"Rotation":null,"Comment":null,"TimeBase":"1/1000","CodecTimeBase":null,"Title":"FOR\u00C7ADA","Hdr10PlusPresentFlag":null,"VideoRange":0,"VideoRangeType":0,"VideoDoViTitle":null,"AudioSpatialFormat":0,"LocalizedUndefined":"Indefinido","LocalizedDefault":"Padr\u00E3o","LocalizedForced":"For\u00E7ado","LocalizedExternal":"Externo","LocalizedHearingImpaired":"Defici\u00EAncia Auditiva","LocalizedLanguage":"Portuguese","LocalizedOriginal":null,"DisplayTitle":"FOR\u00C7ADA - Portuguese - Padr\u00E3o - SUBRIP","NalLengthSize":null,"IsInterlaced":false,"IsAVC":null,"ChannelLayout":null,"BitRate":null,"BitDepth":null,"RefFrames":null,"PacketLength":null,"Channels":null,"SampleRate":null,"IsDefault":true,"IsForced":false,"IsHearingImpaired":false,"IsOriginal":false,"Height":null,"Width":null,"AverageFrameRate":null,"RealFrameRate":null,"ReferenceFrameRate":null,"Profile":null,"Type":2,"AspectRatio":null,"Index":3,"Score":null,"IsExternal":false,"DeliveryMethod":null,"DeliveryUrl":null,"IsExternalUrl":null,"IsTextSubtitleStream":true,"SupportsExternalStream":true,"Path":null,"PixelFormat":null,"Level":null,"IsAnamorphic":null},{"Codec":"subrip","CodecTag":null,"Language":"por","ColorRange":null,"ColorSpace":null,"ColorTransfer":null,"ColorPrimaries":null,"DvVersionMajor":null,"DvVersionMinor":null,"DvProfile":null,"DvLevel":null,"RpuPresentFlag":null,"ElPresentFlag":null,"BlPresentFlag":null,"DvBlSignalCompatibilityId":null,"Rotation":null,"Comment":null,"TimeBase":"1/1000","CodecTimeBase":null,"Title":null,"Hdr10PlusPresentFlag":null,"VideoRange":0,"VideoRangeType":0,"VideoDoViTitle":null,"AudioSpatialFormat":0,"LocalizedUndefined":"Indefinido","LocalizedDefault":"Padr\u00E3o","LocalizedForced":"For\u00E7ado","LocalizedExternal":"Externo","LocalizedHearingImpaired":"Defici\u00EAncia Auditiva","LocalizedLanguage":"Portuguese","LocalizedOriginal":null,"DisplayTitle":"Portuguese - SUBRIP","NalLengthSize":null,"IsInterlaced":false,"IsAVC":null,"ChannelLayout":null,"BitRate":null,"BitDepth":null,"RefFrames":null,"PacketLength":null,"Channels":null,"SampleRate":null,"IsDefault":false,"IsForced":false,"IsHearingImpaired":false,"IsOriginal":false,"Height":null,"Width":null,"AverageFrameRate":null,"RealFrameRate":null,"ReferenceFrameRate":null,"Profile":null,"Type":2,"AspectRatio":null,"Index":4,"Score":null,"IsExternal":false,"DeliveryMethod":null,"DeliveryUrl":null,"IsExternalUrl":null,"IsTextSubtitleStream":true,"SupportsExternalStream":true,"Path":null,"PixelFormat":null,"Level":null,"IsAnamorphic":null}],"MediaAttachments":[],"Formats":[],"Bitrate":3377594,"FallbackMaxStreamingBitrate":null,"Timestamp":null,"RequiredHttpHeaders":{},"TranscodingUrl":null,"TranscodingSubProtocol":0,"TranscodingContainer":null,"AnalyzeDurationMs":null,"DefaultAudioStreamIndex":null,"DefaultSubtitleStreamIndex":null,"HasSegments":false}

/usr/lib/jellyfin-ffmpeg/ffmpeg -analyzeduration 200M -probesize 1G  -i file:"/media/Filmes/Aposta de Alto Risco 2026/Aposta de Alto Risco 2026.mkv" -map_metadata -1 -map_chapters -1 -threads 0 -map 0:0 -map 0:1 -map -0:s -codec:v:0 libx264 -preset veryfast -crf 23 -maxrate 5150654 -bufsize 10301308 -profile:v:0 main -level 40 -x264opts:0 subme=0:me_range=16:rc_lookahead=10:me=hex:open_gop=0 -force_key_frames:0 "expr:gte(t,n_forced*3)" -sc_threshold:v:0 0 -vf "setparams=color_primaries=bt709:color_trc=bt709:colorspace=bt709,scale=trunc(min(max(iw\,ih*a)\,min(1920\,804*a))/2)*2:trunc(min(max(iw/a\,ih)\,min(1920/a\,804))/2)*2,format=yuv420p" -codec:a:0 libfdk_aac -ac 2 -ab 256000 -af "volume=2" -copyts -avoid_negative_ts disabled -max_muxing_queue_size 2048 -f hls -max_delay 5000000 -hls_time 3 -hls_segment_type fmp4 -hls_fmp4_init_filename "494e7e48ef88a778a8a6580e40b5ffd9-1.mp4" -start_number 0 -hls_segment_filename "/cache/transcodes/494e7e48ef88a778a8a6580e40b5ffd9%d.mp4" -hls_playlist_type vod -hls_list_size 0 -hls_segment_options movflags=+frag_discont+skip_sidx -y "/cache/transcodes/494e7e48ef88a778a8a6580e40b5ffd9.m3u8"


ffmpeg version 8.1.2-Jellyfin Copyright (c) 2000-2026 the FFmpeg developers
  built with gcc 14 (Debian 14.2.0-19)
  configuration: --prefix=/usr/lib/jellyfin-ffmpeg --target-os=linux --extra-version=Jellyfin --disable-unstable --disable-doc --disable-ffplay --disable-static --disable-libxcb --disable-libxcb-shm --disable-libxcb-xfixes --disable-libxcb-shape --disable-xlib --disable-sdl2 --enable-lto=auto --enable-gpl --enable-version3 --enable-shared --enable-gmp --enable-gnutls --enable-chromaprint --enable-opencl --enable-libdrm --enable-libxml2 --enable-libass --enable-libfreetype --enable-libfribidi --enable-libfontconfig --enable-libharfbuzz --enable-libbluray --enable-libmp3lame --enable-libopus --enable-libtheora --enable-libvorbis --enable-libopenmpt --enable-libdav1d --enable-libsvtav1 --enable-libwebp --enable-libvpx --enable-libx264 --enable-libx265 --enable-libzvbi --enable-libzimg --enable-libfdk-aac --enable-libshaderc --enable-libplacebo --enable-vulkan --enable-vulkan-static --enable-vaapi --enable-ffnvcodec --enable-cuda --enable-cuda-llvm --enable-cuvid --enable-nvdec --enable-nvenc --arch=amd64 --enable-libvpl --enable-amf
  libavutil      60. 26.102 / 60. 26.102
  libavcodec     62. 28.102 / 62. 28.102
  libavformat    62. 12.102 / 62. 12.102
  libavdevice    62.  3.102 / 62.  3.102
  libavfilter    11. 14.102 / 11. 14.102
  libswscale      9.  5.102 /  9.  5.102
  libswresample   6.  3.102 /  6.  3.102
Input #0, matroska,webm, from 'file:/media/Filmes/Aposta de Alto Risco 2026/Aposta de Alto Risco 2026.mkv':
  Metadata:
    title           : BaixandoFilmesHD.net
    encoder         : libebml v1.4.1 + libmatroska v1.6.2
    creation_time   : 2026-09-14T10:16:19.000000Z
  Duration: 01:46:14.27, start: 0.000000, bitrate: 3377 kb/s
  Stream #0:0: Video: h264 (Main), yuv420p(tv, bt709, progressive), 1920x804 [SAR 1:1 DAR 160:67], 23.98 fps, 23.98 tbr, 1k tbn (default)
    Metadata:
      BPS-eng         : 2575327
      DURATION-eng    : 01:46:14.243000000
      NUMBER_OF_FRAMES-eng: 152829
      NUMBER_OF_BYTES-eng: 2051970246
      _STATISTICS_WRITING_APP-eng: mkvmerge v53.0.0 ('Fool's Gold') 64-bit
      _STATISTICS_WRITING_DATE_UTC-eng: 2026-09-14 10:16:19
      _STATISTICS_TAGS-eng: BPS DURATION NUMBER_OF_FRAMES NUMBER_OF_BYTES
  Stream #0:1(por): Audio: eac3, 48000 Hz, 5.1(side), fltp, 640 kb/s (default)
    Metadata:
      BPS-eng         : 640000
      DURATION-eng    : 01:46:14.272000000
      NUMBER_OF_FRAMES-eng: 199196
      NUMBER_OF_BYTES-eng: 509941760
      _STATISTICS_WRITING_APP-eng: mkvmerge v53.0.0 ('Fool's Gold') 64-bit
      _STATISTICS_WRITING_DATE_UTC-eng: 2026-09-14 10:16:19
      _STATISTICS_TAGS-eng: BPS DURATION NUMBER_OF_FRAMES NUMBER_OF_BYTES
  Stream #0:2(eng): Audio: aac (LC), 48000 Hz, stereo, fltp
    Metadata:
      BPS-eng         : 159558
      DURATION-eng    : 01:46:14.272000000
      NUMBER_OF_FRAMES-eng: 298794
      NUMBER_OF_BYTES-eng: 127133656
      _STATISTICS_WRITING_APP-eng: mkvmerge v53.0.0 ('Fool's Gold') 64-bit
      _STATISTICS_WRITING_DATE_UTC-eng: 2026-09-14 10:16:19
      _STATISTICS_TAGS-eng: BPS DURATION NUMBER_OF_FRAMES NUMBER_OF_BYTES
  Stream #0:3(por): Subtitle: subrip (srt) (default)
    Metadata:
      title           : FORÇADA
      BPS-eng         : 0
      DURATION-eng    : 01:45:20.355000000
      NUMBER_OF_FRAMES-eng: 20
      NUMBER_OF_BYTES-eng: 513
      _STATISTICS_WRITING_APP-eng: mkvmerge v53.0.0 ('Fool's Gold') 64-bit
      _STATISTICS_WRITING_DATE_UTC-eng: 2026-09-14 10:16:19
      _STATISTICS_TAGS-eng: BPS DURATION NUMBER_OF_FRAMES NUMBER_OF_BYTES
  Stream #0:4(por): Subtitle: subrip (srt)
    Metadata:
      BPS-eng         : 54
      DURATION-eng    : 01:45:20.355000000
      NUMBER_OF_FRAMES-eng: 1386
      NUMBER_OF_BYTES-eng: 43440
      _STATISTICS_WRITING_APP-eng: mkvmerge v53.0.0 ('Fool's Gold') 64-bit
      _STATISTICS_WRITING_DATE_UTC-eng: 2026-09-14 10:16:19
      _STATISTICS_TAGS-eng: BPS DURATION NUMBER_OF_FRAMES NUMBER_OF_BYTES
Stream mapping:
  Stream #0:0 -> #0:0 (h264 (native) -> h264 (libx264))
  Stream #0:1 -> #0:1 (eac3 (native) -> aac (libfdk_aac))
Press [q] to stop, [?] for help
[libx264 @ 0x796f92b33a00] using SAR=960/959
[libx264 @ 0x796f92b33a00] using cpu capabilities: MMX2 SSE2Fast SSSE3 SSE4.2
[libx264 @ 0x796f92b33a00] profile Main, level 4.0, 4:2:0, 8-bit
[libx264 @ 0x796f92b33a00] 264 - core 164 r3108 31e19f9 - H.264/MPEG-4 AVC codec - Copyleft 2003-2023 - http://www.videolan.org/x264.html - options: cabac=1 ref=1 deblock=1:0:0 analyse=0x1:0x111 me=hex subme=0 psy=1 psy_rd=1.00:0.00 mixed_ref=0 me_range=16 chroma_me=1 trellis=0 8x8dct=0 cqm=0 deadzone=21,11 fast_pskip=1 chroma_qp_offset=0 threads=6 lookahead_threads=1 sliced_threads=0 nr=0 decimate=1 interlaced=0 bluray_compat=0 constrained_intra=0 bframes=3 b_pyramid=2 b_adapt=1 b_bias=0 direct=1 weightb=1 open_gop=0 weightp=1 keyint=250 keyint_min=23 scenecut=0 intra_refresh=0 rc_lookahead=10 rc=crf mbtree=1 crf=23.0 qcomp=0.60 qpmin=0 qpmax=69 qpstep=4 vbv_maxrate=5150 vbv_bufsize=10301 crf_max=0.0 nal_hrd=none filler=0 ip_ratio=1.40 aq=1:1.00
[hls @ 0x796f92ac0600] Opening '/cache/transcodes/494e7e48ef88a778a8a6580e40b5ffd9-1.mp4' for writing
Output #0, hls, to '/cache/transcodes/494e7e48ef88a778a8a6580e40b5ffd9.m3u8':
  Metadata:
    encoder         : Lavf62.12.102
  Stream #0:0: Video: h264, yuv420p(tv, bt709, progressive), 1918x804 [SAR 960:959 DAR 160:67], q=2-31, 23.98 fps, 24k tbn (default)
    Metadata:
      encoder         : Lavc62.28.102 libx264
    Side data:
      CPB properties: bitrate max/min/avg: 5150000/0/0 buffer size: 10301000 vbv_delay: N/A
  Stream #0:1: Audio: aac, 48000 Hz, stereo, s16, 256 kb/s (default)
    Metadata:
      encoder         : Lavc62.28.102 libfdk_aac
    Side data:
      CPB properties: bitrate max/min/avg: 256000/256000/256000 buffer size: 0 vbv_delay: N/A
frame=    0 fps=0.0 q=0.0 size=N/A time=N/A bitrate=N/A speed=N/A elapsed=0:00:00.50    
frame=    6 fps=6.0 q=28.0 size=N/A time=00:00:00.00 bitrate=N/A speed=   0x elapsed=0:00:01.00    
frame=   18 fps= 12 q=28.0 size=N/A time=00:00:00.54 bitrate=N/A speed=0.361x elapsed=0:00:01.50    
frame=   33 fps= 16 q=28.0 size=N/A time=00:00:01.12 bitrate=N/A speed=0.562x elapsed=0:00:02.00    
frame=   57 fps= 23 q=28.0 size=N/A time=00:00:02.12 bitrate=N/A speed=0.85x elapsed=0:00:02.50    
[hls @ 0x796f92ac0600] Opening '/cache/transcodes/494e7e48ef88a778a8a6580e40b5ffd90.mp4' for writing
frame=   75 fps= 25 q=28.0 size=N/A time=00:00:02.87 bitrate=N/A speed=0.958x elapsed=0:00:03.00    
frame=   92 fps= 26 q=28.0 size=N/A time=00:00:03.58 bitrate=N/A speed=1.02x elapsed=0:00:03.52    
frame=  112 fps= 28 q=28.0 size=N/A time=00:00:04.42 bitrate=N/A speed= 1.1x elapsed=0:00:04.02    
frame=  132 fps= 29 q=28.0 size=N/A time=00:00:05.25 bitrate=N/A speed=1.16x elapsed=0:00:04.52    
[hls @ 0x796f92ac0600] Opening '/cache/transcodes/494e7e48ef88a778a8a6580e40b5ffd91.mp4' for writing
frame=  151 fps= 30 q=28.0 size=N/A time=00:00:06.04 bitrate=N/A speed= 1.2x elapsed=0:00:05.03    
frame=  165 fps= 30 q=28.0 size=N/A time=00:00:06.63 bitrate=N/A speed= 1.2x elapsed=0:00:05.53    
frame=  178 fps= 29 q=28.0 size=N/A time=00:00:07.17 bitrate=N/A speed=1.18x elapsed=0:00:06.06    

[q] command received. Exiting.

[hls @ 0x796f92ac0600] Opening '/cache/transcodes/494e7e48ef88a778a8a6580e40b5ffd92.mp4' for writing
[hls @ 0x796f92ac0600] Opening '/cache/transcodes/494e7e48ef88a778a8a6580e40b5ffd93.mp4' for writing
[out#0/hls @ 0x796f92a77340] video:848KiB audio:303KiB subtitle:0KiB other streams:0KiB global headers:0KiB muxing overhead: unknown
frame=  229 fps= 30 q=-1.0 Lsize=N/A time=00:00:09.30 bitrate=N/A speed=1.21x elapsed=0:00:07.71    
[libx264 @ 0x796f92b33a00] frame I:4     Avg QP: 9.89  size:  8937
[libx264 @ 0x796f92b33a00] frame P:118   Avg QP:16.68  size:  5702
[libx264 @ 0x796f92b33a00] frame B:107   Avg QP:17.59  size:  1485
[libx264 @ 0x796f92b33a00] consecutive B-frames: 29.7% 20.1% 11.8% 38.4%
[libx264 @ 0x796f92b33a00] mb I  I16..4: 90.1%  0.0%  9.9%
[libx264 @ 0x796f92b33a00] mb P  I16..4: 29.2%  0.0%  2.4%  P16..4:  5.5%  1.0%  0.3%  0.0%  0.0%    skip:61.6%
[libx264 @ 0x796f92b33a00] mb B  I16..4:  2.6%  0.0%  0.1%  B16..8:  3.5%  0.6%  0.0%  direct: 3.4%  skip:89.6%  L0:35.8% L1:55.3% BI: 8.8%
[libx264 @ 0x796f92b33a00] coded y,uvDC,uvAC intra: 4.9% 14.6% 3.8% inter: 0.7% 5.0% 0.2%
[libx264 @ 0x796f92b33a00] i16 v,h,dc,p: 77% 16%  3%  4%
[libx264 @ 0x796f92b33a00] i4 v,h,dc,ddl,ddr,vr,hd,vl,hu: 29% 19% 32%  4%  3%  2%  3%  4%  2%
[libx264 @ 0x796f92b33a00] i8c dc,h,v,p: 76% 12% 10%  2%
[libx264 @ 0x796f92b33a00] Weighted P-Frames: Y:23.7% UV:17.8%
[libx264 @ 0x796f92b33a00] kb/s:726.64