2026-10-01T17:42:52.300Z [info]: Commit Tag: e2f24cb46079746936516c723b09820360f95113 
2026-10-01T17:42:59.903Z [info]: Starting Seerr version 3.5.0 
2026-10-01T17:43:11.503Z [info][Notifications]: Registered notification agents 
2026-10-01T17:43:11.523Z [info][Server]: Skipping starting the scheduled jobs as we have no Plex/Jellyfin/Emby servers setup yet 
2026-10-01T17:43:12.183Z [info][Server]: Server ready on port 5055 
2026-10-01T17:46:26.201Z [info][API]: Sign-in attempt from Jellyfin user with access to the media server; creating initial admin user for Seerr {"ip":"::ffff:172.19.0.1","jellyfinUsername":"Petterson"}
2026-10-01T17:46:28.481Z [info][Jobs]: Scheduled jobs loaded 
2026-10-01T17:50:00.027Z [info][Jobs]: Starting scheduled job: Jellyfin Recently Added Scan 
2026-10-01T17:50:00.032Z [info][Jellyfin Sync]: Scan starting {"sessionId":"783544a7-7884-413e-b0d5-7f0409ee812e"}
2026-10-01T17:50:00.050Z [info][Anime-List Sync]: Downloading latest mapping file 
2026-10-01T17:50:00.492Z [info][Anime-List Sync]: Loading mapping file 
2026-10-01T17:50:01.889Z [info][Anime-List Sync]: Loaded 10767 AniDB items from mapping file 
2026-10-01T17:50:01.892Z [info][Jellyfin Sync]: Recently Added Scan Complete 
2026-10-01T17:53:54.354Z [info][Jellyfin Sync]: Scan starting {"sessionId":"777684cc-69c9-440f-8245-e71ab3aa009c"}
2026-10-01T17:53:54.393Z [info][Jellyfin Sync]: Full Scan Complete 
2026-10-01T17:53:57.210Z [info][Jellyfin Sync]: Scan starting {"sessionId":"7f116ad9-24fc-4ea2-9644-51f0507508f7"}
2026-10-01T17:53:57.230Z [info][Jellyfin Sync]: Full Scan Complete 
2026-10-01T17:54:04.362Z [info][Jellyfin Sync]: Scan starting {"sessionId":"2215aad4-5474-4788-a713-be99c1fe17d5"}
2026-10-01T17:54:04.388Z [info][Jellyfin Sync]: Full Scan Complete 
2026-10-01T17:55:00.030Z [info][Jobs]: Starting scheduled job: Jellyfin Recently Added Scan 
2026-10-01T17:55:00.031Z [info][Jellyfin Sync]: Scan starting {"sessionId":"927b66c0-cf0c-4fbe-83f0-978637520fd9"}
2026-10-01T17:55:00.045Z [info][Jellyfin Sync]: Recently Added Scan Complete 
2026-10-01T18:00:00.022Z [info][Jobs]: Starting scheduled job: Jellyfin Recently Added Scan 
2026-10-01T18:00:00.023Z [info][Jellyfin Sync]: Scan starting {"sessionId":"46bbd113-c8f1-4335-a3e0-034b7dfc291b"}
2026-10-01T18:00:00.038Z [info][Jellyfin Sync]: Recently Added Scan Complete 
2026-10-01T18:01:05.281Z [info][Jellyfin Sync]: Scan starting {"sessionId":"370af2e8-104f-4fb1-a366-6d1a37d98e99"}
2026-10-01T18:01:05.318Z [info][Jellyfin Sync]: Full Scan Complete 
2026-10-01T18:05:00.029Z [info][Jobs]: Starting scheduled job: Jellyfin Recently Added Scan 
2026-10-01T18:05:00.032Z [info][Jellyfin Sync]: Scan starting {"sessionId":"d1bf65ff-ce7b-41e4-93e5-824b008caf72"}
2026-10-01T18:05:00.055Z [info][Jellyfin Sync]: Beginning to process recently added for library: Filmes 
2026-10-01T18:05:04.620Z [info][Jellyfin Sync]: Beginning to process recently added for library: Séries 
2026-10-01T18:05:08.763Z [info][Jellyfin Sync]: Recently Added Scan Complete 
2026-10-01T18:10:00.034Z [info][Jobs]: Starting scheduled job: Jellyfin Recently Added Scan 
2026-10-01T18:10:00.036Z [info][Jellyfin Sync]: Scan starting {"sessionId":"6c1edf9b-7633-49be-84fc-36150778f25e"}
2026-10-01T18:10:00.051Z [info][Jellyfin Sync]: Beginning to process recently added for library: Filmes 
2026-10-01T18:10:04.170Z [info][Jellyfin Sync]: Beginning to process recently added for library: Séries 
2026-10-01T18:10:08.299Z [info][Jellyfin Sync]: Recently Added Scan Complete 
2026-10-01T18:15:00.014Z [info][Jobs]: Starting scheduled job: Jellyfin Recently Added Scan 
2026-10-01T18:15:00.017Z [info][Jellyfin Sync]: Scan starting {"sessionId":"4c6763b2-f64b-4a65-b308-7029bae37668"}
2026-10-01T18:15:00.032Z [info][Jellyfin Sync]: Beginning to process recently added for library: Filmes 
2026-10-01T18:15:04.183Z [info][Jellyfin Sync]: Beginning to process recently added for library: Séries 
2026-10-01T18:15:08.320Z [info][Jellyfin Sync]: Recently Added Scan Complete 
2026-10-01T18:20:00.013Z [info][Jobs]: Starting scheduled job: Jellyfin Recently Added Scan 
2026-10-01T18:20:00.017Z [info][Jellyfin Sync]: Scan starting {"sessionId":"370b02e7-ac25-4c70-8e40-88d4bc4464ba"}
2026-10-01T18:20:00.032Z [info][Jellyfin Sync]: Beginning to process recently added for library: Filmes 
2026-10-01T18:20:04.246Z [info][Jellyfin Sync]: Beginning to process recently added for library: Séries 
2026-10-01T18:20:08.476Z [info][Jellyfin Sync]: Recently Added Scan Complete 
2026-10-01T18:25:00.027Z [info][Jobs]: Starting scheduled job: Jellyfin Recently Added Scan 
2026-10-01T18:25:00.028Z [info][Jellyfin Sync]: Scan starting {"sessionId":"9f3f70c9-ad9b-406f-a81e-ffcc5e0ae688"}
2026-10-01T18:25:00.051Z [info][Jellyfin Sync]: Beginning to process recently added for library: Filmes 
2026-10-01T18:25:04.194Z [info][Jellyfin Sync]: Beginning to process recently added for library: Séries 
2026-10-01T18:25:08.332Z [info][Jellyfin Sync]: Recently Added Scan Complete 
2026-10-01T18:30:00.018Z [info][Jobs]: Starting scheduled job: Jellyfin Recently Added Scan 
2026-10-01T18:30:00.020Z [info][Jellyfin Sync]: Scan starting {"sessionId":"edb841a7-24e1-47ec-9115-0af5d4f26bc3"}
2026-10-01T18:30:00.032Z [info][Jellyfin Sync]: Beginning to process recently added for library: Filmes 
2026-10-01T18:30:04.207Z [info][Jellyfin Sync]: Beginning to process recently added for library: Séries 
2026-10-01T18:30:08.365Z [info][Jellyfin Sync]: Recently Added Scan Complete 
2026-10-01T18:35:00.020Z [info][Jobs]: Starting scheduled job: Jellyfin Recently Added Scan 
2026-10-01T18:35:00.022Z [info][Jellyfin Sync]: Scan starting {"sessionId":"35b55ea9-190a-4f6a-87d6-995bacf0253c"}
2026-10-01T18:35:00.041Z [info][Jellyfin Sync]: Beginning to process recently added for library: Filmes 
2026-10-01T18:35:04.187Z [info][Jellyfin Sync]: Beginning to process recently added for library: Séries 
2026-10-01T18:35:08.311Z [info][Jellyfin Sync]: Recently Added Scan Complete 
2026-10-01T18:40:00.015Z [info][Jobs]: Starting scheduled job: Jellyfin Recently Added Scan 
2026-10-01T18:40:00.017Z [info][Jellyfin Sync]: Scan starting {"sessionId":"4176d5dc-fc29-4ed3-8ce3-f81bd6c08be2"}
2026-10-01T18:40:00.029Z [info][Jellyfin Sync]: Beginning to process recently added for library: Filmes 
2026-10-01T18:40:04.163Z [info][Jellyfin Sync]: Beginning to process recently added for library: Séries 
2026-10-01T18:40:08.364Z [info][Jellyfin Sync]: Recently Added Scan Complete 
2026-10-01T18:45:00.035Z [info][Jobs]: Starting scheduled job: Jellyfin Recently Added Scan 
2026-10-01T18:45:00.042Z [info][Jellyfin Sync]: Scan starting {"sessionId":"f0f027fa-6426-46b6-9308-92033671faea"}
2026-10-01T18:45:00.081Z [info][Jellyfin Sync]: Beginning to process recently added for library: Filmes 
2026-10-01T18:45:04.254Z [info][Jellyfin Sync]: Beginning to process recently added for library: Séries 
2026-10-01T18:45:08.388Z [info][Jellyfin Sync]: Recently Added Scan Complete 
2026-10-01T18:50:00.009Z [info][Jobs]: Starting scheduled job: Jellyfin Recently Added Scan 
2026-10-01T18:50:00.010Z [info][Jellyfin Sync]: Scan starting {"sessionId":"8c1caec0-e265-473d-b96b-7795b85436fa"}
2026-10-01T18:50:00.022Z [info][Jellyfin Sync]: Beginning to process recently added for library: Filmes 
2026-10-01T18:50:04.145Z [info][Jellyfin Sync]: Beginning to process recently added for library: Séries 
2026-10-01T18:50:08.288Z [info][Jellyfin Sync]: Recently Added Scan Complete 
2026-10-01T18:55:00.055Z [info][Jobs]: Starting scheduled job: Jellyfin Recently Added Scan 
2026-10-01T18:55:00.062Z [info][Jellyfin Sync]: Scan starting {"sessionId":"220f2136-808a-40c4-8495-1164ee78139c"}
2026-10-01T18:55:00.105Z [info][Jellyfin Sync]: Beginning to process recently added for library: Filmes 
2026-10-01T18:55:04.294Z [info][Jellyfin Sync]: Beginning to process recently added for library: Séries 
2026-10-01T18:55:08.439Z [info][Jellyfin Sync]: Recently Added Scan Complete 
2026-10-01T19:00:00.018Z [info][Jobs]: Starting scheduled job: Jellyfin Recently Added Scan 
2026-10-01T19:00:00.021Z [info][Jellyfin Sync]: Scan starting {"sessionId":"dd63f53a-caa6-4fab-b863-a509d13f28f6"}
2026-10-01T19:00:00.035Z [info][Jellyfin Sync]: Beginning to process recently added for library: Filmes 
2026-10-01T19:00:04.160Z [info][Jellyfin Sync]: Beginning to process recently added for library: Séries 
2026-10-01T19:00:08.257Z [info][Jellyfin Sync]: Recently Added Scan Complete 
2026-10-01T19:05:00.011Z [info][Jobs]: Starting scheduled job: Jellyfin Recently Added Scan 
2026-10-01T19:05:00.013Z [info][Jellyfin Sync]: Scan starting {"sessionId":"d5f03707-7f5a-4d82-86a1-29b97c0d632c"}
2026-10-01T19:05:00.031Z [info][Jellyfin Sync]: Beginning to process recently added for library: Filmes 
2026-10-01T19:05:04.160Z [info][Jellyfin Sync]: Beginning to process recently added for library: Séries 
2026-10-01T19:05:08.315Z [info][Jellyfin Sync]: Recently Added Scan Complete 
2026-10-01T19:10:00.011Z [info][Jobs]: Starting scheduled job: Jellyfin Recently Added Scan 
2026-10-01T19:10:00.014Z [info][Jellyfin Sync]: Scan starting {"sessionId":"5deef029-f41f-4e45-85a4-79daed09a4fe"}
2026-10-01T19:10:00.031Z [info][Jellyfin Sync]: Beginning to process recently added for library: Filmes 
2026-10-01T19:10:04.165Z [info][Jellyfin Sync]: Beginning to process recently added for library: Séries 
2026-10-01T19:10:08.298Z [info][Jellyfin Sync]: Recently Added Scan Complete 
2026-10-01T19:15:00.019Z [info][Jobs]: Starting scheduled job: Jellyfin Recently Added Scan 
2026-10-01T19:15:00.022Z [info][Jellyfin Sync]: Scan starting {"sessionId":"a167731f-5c55-4f19-9695-133d3a16a34b"}
2026-10-01T19:15:00.046Z [info][Jellyfin Sync]: Beginning to process recently added for library: Filmes 
2026-10-01T19:15:04.162Z [info][Jellyfin Sync]: Beginning to process recently added for library: Séries 
2026-10-01T19:15:08.291Z [info][Jellyfin Sync]: Recently Added Scan Complete 
2026-10-01T19:20:00.008Z [info][Jobs]: Starting scheduled job: Jellyfin Recently Added Scan 
2026-10-01T19:20:00.011Z [info][Jellyfin Sync]: Scan starting {"sessionId":"61661aae-f731-4131-aeb2-2c1f526afd57"}
2026-10-01T19:20:00.019Z [info][Jellyfin Sync]: Beginning to process recently added for library: Filmes 
2026-10-01T19:20:04.131Z [info][Jellyfin Sync]: Beginning to process recently added for library: Séries 
2026-10-01T19:20:08.241Z [info][Jellyfin Sync]: Recently Added Scan Complete 
2026-10-01T19:25:00.009Z [info][Jobs]: Starting scheduled job: Jellyfin Recently Added Scan 
2026-10-01T19:25:00.013Z [info][Jellyfin Sync]: Scan starting {"sessionId":"e66c908d-7469-4cfa-b1b5-6968343c7380"}
2026-10-01T19:25:00.025Z [info][Jellyfin Sync]: Beginning to process recently added for library: Filmes 
2026-10-01T19:25:04.127Z [info][Jellyfin Sync]: Beginning to process recently added for library: Séries 
2026-10-01T19:25:08.227Z [info][Jellyfin Sync]: Recently Added Scan Complete 
2026-10-01T19:30:00.009Z [info][Jobs]: Starting scheduled job: Jellyfin Recently Added Scan 
2026-10-01T19:30:00.011Z [info][Jellyfin Sync]: Scan starting {"sessionId":"07f567f9-4aee-4f75-a699-270a2675635b"}
2026-10-01T19:30:00.022Z [info][Jellyfin Sync]: Beginning to process recently added for library: Filmes 
2026-10-01T19:30:04.196Z [info][Jellyfin Sync]: Beginning to process recently added for library: Séries 
2026-10-01T19:30:08.359Z [info][Jellyfin Sync]: Recently Added Scan Complete 
